
Discarded input sections

 .bss           0x0000000000000000        0x0 ./p1.o

Memory Configuration

Name             Origin             Length             Attributes
*default*        0x0000000000000000 0xffffffffffffffff

Linker script and memory map

LOAD ./p1.o
LOAD c:/users/felix/downloads/eclipserv/eclipse/sysgcc/bin/../lib/gcc/riscv64-unknown-elf/10.1.0/rv32im/ilp32\libgcc.a
START GROUP
LOAD c:/users/felix/downloads/eclipserv/eclipse/sysgcc/bin/../lib/gcc/riscv64-unknown-elf/10.1.0/../../../../riscv64-unknown-elf/lib/rv32im/ilp32\libc.a
LOAD c:/users/felix/downloads/eclipserv/eclipse/sysgcc/bin/../lib/gcc/riscv64-unknown-elf/10.1.0/../../../../riscv64-unknown-elf/lib/rv32im/ilp32\libgloss.a
END GROUP
LOAD c:/users/felix/downloads/eclipserv/eclipse/sysgcc/bin/../lib/gcc/riscv64-unknown-elf/10.1.0/rv32im/ilp32\libgcc.a
                0x0000000000000000                . = 0x0

.text           0x0000000000000000       0x28
 *(.text)
 .text          0x0000000000000000       0x28 ./p1.o
                0x0000000000000000                main
                0x0000000000010000                . = 0x10000

.data           0x0000000000010000        0x4
 *(.data)
 .data          0x0000000000010000        0x4 ./p1.o

.bss
 *(.bss)

.rodata
 *(.rodata)
                [!provide]                        PROVIDE (_stack = 0x20000)
OUTPUT(p1.elf elf32-littleriscv)

.riscv.attributes
                0x0000000000000000       0x1f
 .riscv.attributes
                0x0000000000000000       0x1f ./p1.o

.debug_line     0x0000000000000000       0x6a
 .debug_line    0x0000000000000000       0x6a ./p1.o

.debug_info     0x0000000000000000       0x26
 .debug_info    0x0000000000000000       0x26 ./p1.o

.debug_abbrev   0x0000000000000000       0x14
 .debug_abbrev  0x0000000000000000       0x14 ./p1.o

.debug_aranges  0x0000000000000000       0x20
 .debug_aranges
                0x0000000000000000       0x20 ./p1.o

.debug_str      0x0000000000000000       0x3d
 .debug_str     0x0000000000000000       0x3d ./p1.o
